
> digital-agency-website@1.0.0 build
> vite build

[36mvite v5.4.21 [32mbuilding for production...[36m[39m
transforming...
[32mΓ£ô[39m 49 modules transformed.
node.exe : [31mx[39m Build failed in 
2.57s
At C:\Program Files\nodejs\npm.ps1:29 
char:3
+   & $NODE_EXE $NPM_CLI_JS $args
+   ~~~~~~~~~~~~~~~~~~~~~~~~~~~~~
    + CategoryInfo          : NotSpecifi 
   ed: ([31mx[39m Build failed in 2.5  
  7s:String) [], RemoteException
    + FullyQualifiedErrorId : NativeComm 
   andError
 
[31merror during build:
[31m[vite]: Rollup failed to resolve 
import "prop-types" from 
"D:/Designhub/new 
website/src/components/SEO.jsx".
This is most likely unintended because 
it can break your application at runtime.
If you do want to externalize this 
module explicitly add it to
`build.rollupOptions.external`[31m
    at viteWarn (file:///D:/Designhub/new
%20website/node_modules/vite/dist/node/ch
unks/dep-BK3b2jBa.js:65855:17)
    at onwarn (file:///D:/Designhub/new%2
0website/node_modules/@vitejs/plugin-reac
t/dist/index.js:90:7)
    at onRollupWarning (file:///D:/Design
hub/new%20website/node_modules/vite/dist/
node/chunks/dep-BK3b2jBa.js:65885:5)
    at onwarn (file:///D:/Designhub/new%2
0website/node_modules/vite/dist/node/chun
ks/dep-BK3b2jBa.js:65550:7)
    at file:///D:/Designhub/new%20website
/node_modules/rollup/dist/es/shared/node-
entry.js:21046:13
    at Object.logger [as onLog] (file:///
D:/Designhub/new%20website/node_modules/r
ollup/dist/es/shared/node-entry.js:22919:
9)
    at 
ModuleLoader.handleInvalidResolvedId (fil
e:///D:/Designhub/new%20website/node_modu
les/rollup/dist/es/shared/node-entry.js:2
1663:26)
    at file:///D:/Designhub/new%20website
/node_modules/rollup/dist/es/shared/node-
entry.js:21621:26[39m
